[v1/index.html]
[v1/xmlrpc.php]
[backblue.gif]
[fade.gif]
[index.html]
[v1/wp-includes/css/dist/block-library/style.min4118.css]
[v1/wp-includes/css/classic-themes.min4118.css]
[v1/wp-content/plugins/contact-form-7/includes/css/stylescfaa.css]
[v1/wp-includes/css/dashicons.min4118.css]
[v1/wp-content/plugins/wp-megamenu/assets/font-awesome-4.7.0/css/font-awesome.min1849.css]
[v1/wp-content/plugins/wp-megamenu/assets/icofont/icofont.minf269.css]
[v1/wp-content/plugins/wp-megamenu/assets/css/wpmm1159.css]
[v1/wp-content/uploads/wp-megamenu/wp-megamenu1159.css]
[v1/feed/index.html]
[v1/wp-content/plugins/wp-megamenu/addons/wpmm-featuresbox/wpmm-featuresbox68b3.css]
[v1/wp-content/plugins/wp-megamenu/addons/wpmm-gridpost/wpmm-gridpost68b3.css]
[v1/wp-content/plugins/wp-pagenavi/pagenavi-css44fd.css]
[v1/wp-content/plugins/contact-me-on-zalo/assets/css/style-24b68.css]
[v1/comments/feed/index.html]
[v1/wp-content/plugins/hotline-phone-ring/assets/css/style-11717.css]
[v1/wp-content/themes/sangtao24h/assets/css/fl-icons6de8.css]
[v1/wp-content/themes/sangtao24h/assets/css/flatsome688f.css]
[v1/wp-content/themes/sangtao24h/style688f.css]
[v1/wp-includes/js/jquery/jquery.min5aed.js]
[v1/wp-includes/js/jquery/jquery-migrate.min6b00.js]
[v1/wp-content/plugins/wp-megamenu/addons/wpmm-featuresbox/wpmm-featuresbox68b3.js]
[v1/wp-content/plugins/wp-megamenu/addons/wpmm-gridpost/wpmm-gridpost68b3.js]
[v1/wp-json/index.html]
[v1/wp-json/wp/v2/pages/9.json]
[v1/xmlrpc0db0.php]
[v1/wp-includes/wlwmanifest.xml]
[v1/wp-json/oembed/1.0/embed04c6.json]
[v1/wp-json/oembed/1.0/embed756f]
[ajax.googleapis.com/ajax/libs/webfont/1/webfont.js]
[v1/wp-content/uploads/2019/10/cropped-Vivuviet-favicon-180x180.png]
[v1/wp-content/uploads/2019/10/Ok-vivu-1-1.png]
[v1/wp-content/uploads/2019/09/123.mp4]
[v1/wp-content/uploads/2020/06/mù-căng-chải-300x180.jpg]
[v1/wp-content/uploads/2020/04/Mui-Ne-6-300x180.jpg]
[v1/wp-content/uploads/2020/02/côn-đảo-300x180.jpg]
[v1/wp-content/uploads/2020/02/cho-noi-7-300x180.jpg]
[v1/danh-muc/du-lich-mien-bac/index.html]
[v1/wp-content/uploads/2020/04/Tra-Su-2-300x180.jpg]
[v1/danh-muc/du-lich-trong-nuoc]
[v1/wp-content/uploads/2020/02/tram-chim-3-300x180.jpg]
[v1/danh-muc/du-lich-ha-noi]
[v1/wp-content/uploads/2020/02/mỹ-tho-300x180.jpg]
[v1/danh-muc/du-lich-sapa]
[v1/wp-content/uploads/2020/02/cho-noi-6-300x180.jpg]
[v1/danh-muc/du-lich-mai-chau]
[v1/wp-content/uploads/2020/02/cho-Ben-Thanh-3-300x180.jpg]
[v1/wp-content/uploads/2020/02/cát-bà-300x180.jpg]
[v1/danh-muc/du-lich-ninh-binh]
[v1/wp-content/uploads/2020/02/hà-giang-300x180.jpg]
[v1/danh-muc/du-lich-cao-bang]
[v1/danh-muc/du-lich-phu-tho/index.html]
[v1/wp-content/uploads/2020/02/bắc-ninh-4-300x180.jpg]
[v1/danh-muc/du-lich-dien-bien]
[v1/wp-content/uploads/2020/02/đảo-nam-du-300x180.jpg]
[v1/danh-muc/du-lich-bac-kan]
[v1/wp-content/uploads/2019/11/Chau-Doc-2-Copy-1-300x180.jpg]
[v1/danh-muc/du-lich-hai-phong]
[v1/wp-content/uploads/2020/02/hà-tiên-300x180.jpg]
[v1/danh-muc/du-lich-vinh-phuc]
[v1/wp-content/uploads/2020/03/núi-phú-sĩ-300x180.jpg]
[v1/danh-muc/du-lich-quang-ninh]
[v1/wp-content/uploads/2020/03/pattya-1-300x180.jpg]
[v1/danh-muc/du-lich-bac-son-lang-son]
[v1/danh-muc/du-lich-moc-chau-du-lich-mien-bac]
[v1/wp-content/uploads/2020/03/đài-loan-300x180.jpg]
[v1/wp-content/uploads/2020/03/bắc-kinh-3-300x180.jpg]
[v1/wp-content/uploads/2019/11/Lao-2-1-300x180.jpg]
[v1/wp-content/uploads/2019/10/1_9395_02-300x180.jpg]
[v1/danh-muc/du-lich-bac-ninh]
[v1/danh-muc/du-lich-ha-giang]
[v1/wp-content/uploads/2019/10/tham-quyen-trung-quoc_19141473-300x180.jpg]
[v1/wp-content/uploads/2020/02/5612_28155785_2038543463101943_7272328553612443648_n1-300x199.jpg]
[v1/wp-content/uploads/2019/12/đèo-pha-din-300x167.jpg]
[v1/wp-content/uploads/2019/12/ba-na-hills-1-Copy-300x181.jpg]
[v1/wp-content/uploads/2019/12/Chợ-phiên-của-Sa-Pa-e1543994815363-300x200.jpg]
[v1/danh-muc/du-lich-mien-trung/index.html]
[v1/wp-content/uploads/2019/12/rung-thong-da-lat-300x200.jpg]
[v1/wp-content/uploads/2019/11/unnamed-300x225.jpg]
[v1/danh-muc/du-lich-nghe-an]
[v1/wp-content/uploads/2019/11/hà-giang-1-300x298.jpg]
[v1/wp-content/uploads/2020/03/flc-quy-nhơn-300x180.jpg]
[v1/wp-content/uploads/2020/03/flc-hạ-long-300x180.jpg]
[v1/wp-content/uploads/2020/03/flc-grand-300x180.jpg]
[v1/wp-content/uploads/2020/03/flc-sam-son-300x180.jpg]
[v1/wp-content/uploads/2020/03/mc-ecolodge-300x180.jpg]
[v1/wp-content/uploads/2020/03/seastar-hl-300x180.jpg]
[v1/wp-content/uploads/2020/03/Novotel-Hạ-Long-300x180.jpg]
[v1/wp-content/uploads/2020/03/apricot-300x180.jpg]
[v1/danh-muc/du-lich-ha-tinh]
[v1/wp-content/uploads/2020/03/FLC-Luxury-vp-300x180.jpg]
[v1/wp-content/uploads/2020/03/flamingo-300x180.jpg]
[v1/wp-content/uploads/2020/03/Amazing-300x180.jpg]
[v1/danh-muc/du-lich-hue]
[v1/wp-content/uploads/2020/03/Overview_7-sua-01-300x180.jpg]
[v1/wp-content/uploads/2019/12/thue-xe-mercedes-s500__800x522-300x196.jpg]
[v1/wp-content/uploads/2019/11/xe-300x209.jpg]
[v1/danh-muc/du-lich-da-nang]
[v1/wp-content/uploads/2019/10/testimonial-avatar-male-1-ux-builder.jpg]
[v1/wp-content/uploads/2019/10/testimonial-avatar-female-1-ux-builder.jpg]
[v1/wp-content/uploads/2019/10/testimonial-avatar-male-2-ux-builder-element.jpg]
[v1/danh-muc/du-lich-da-lat]
[v1/wp-content/uploads/2019/10/Logo-amouhome.png]
[v1/wp-content/uploads/2019/10/Untitled-1.png]
[v1/wp-content/uploads/2019/10/Logo-web-Famy.png]
[v1/wp-content/uploads/2019/10/Logo.png]
[v1/wp-content/uploads/2019/10/Logo-web-KT.png]
[v1/danh-muc/du-lich-nha-trang]
[v1/wp-content/uploads/2019/10/Logo1.jpg]
[v1/wp-content/uploads/2019/10/Logo2.png]
[v1/wp-content/uploads/2019/10/logo-hoa-bien.png]
[v1/wp-content/plugins/contact-me-on-zalo/assets/images/zalo-2.png]
[v1/danh-muc/du-lich-quy-nhon]
[v1/wp-content/plugins/hotline-phone-ring/assets/images/icon-1.png]
[v1/wp-content/plugins/contact-form-7/includes/swv/js/indexcfaa.js]
[v1/wp-content/plugins/contact-form-7/includes/js/indexcfaa.js]
[v1/danh-muc/du-lich-phu-yen]
[v1/wp-content/plugins/wp-megamenu/assets/js/wpmm1159.js]
[v1/wp-content/themes/sangtao24h/inc/extensions/flatsome-live-search/flatsome-live-search688f.js]
[v1/wp-includes/js/hoverIntent.min3e5a.js]
[v1/wp-content/themes/sangtao24h/assets/js/flatsome688f.js]
[v1/danh-muc/du-lich-ninh-thuan]
[v1/wp-includes/js/wp-embed.min4118.js]
[v1/danh-muc/du-lich-quang-binh]
[v1/wp-content/themes/sangtao24h/assets/slider/css/lightslider.min.css]
[v1/wp-content/themes/sangtao24h/assets/slider/js/lightslider.min.js]
[v1/wp-content/themes/sangtao24h/assets/js/jquery.lockfixed.min.js]
[v1/wp-content/themes/sangtao24h/assets/js/custom.js]
[v1/index.html]
[v1/xmlrpc.php]
[v1/danh-muc/du-lich-quang-tri]
[v1/wp-includes/css/dist/block-library/style.min4118.css]
[v1/danh-muc/du-lich-tay-nguyen]
[v1/danh-muc/du-lich-thanh-hoa]
[v1/wp-includes/css/classic-themes.min4118.css]
[v1/danh-muc/du-lich-hoi-an]
[v1/danh-muc/du-lich-phan-thiet]
[v1/wp-content/plugins/contact-form-7/includes/css/stylescfaa.css]
[v1/danh-muc/du-lich-mien-nam/index.html]
[v1/danh-muc/du-lich-phu-quoc]
[v1/danh-muc/du-lich-thanh-pho-ho-chi-minh]
[v1/danh-muc/du-lich-can-tho]
[v1/wp-includes/fonts/dashicons7d4b.eot]
[v1/danh-muc/du-lich-vung-tau]
[v1/wp-includes/fonts/dashicons7d4b.ttf]
[v1/wp-includes/css/dashicons.min4118.css]
[v1/danh-muc/du-lich-ca-mau]
[v1/danh-muc/du-lich-long-an]
[v1/danh-muc/du-lich-nam-du]
[v1/danh-muc/du-lich-soc-trang]
[v1/wp-content/plugins/wp-megamenu/assets/font-awesome-4.7.0/fonts/fontawesome-webfont3e6e.eot]
[v1/wp-content/plugins/wp-megamenu/assets/font-awesome-4.7.0/fonts/fontawesome-webfontd41d.eot]
[v1/danh-muc/du-lich-ben-tre]
[v1/danh-muc/du-lich-bac-lieu]
[v1/danh-muc/du-lich-kien-giang]
[v1/wp-content/plugins/wp-megamenu/assets/font-awesome-4.7.0/fonts/fontawesome-webfont3e6e.woff2]
[v1/wp-content/plugins/wp-megamenu/assets/font-awesome-4.7.0/fonts/fontawesome-webfont3e6e.woff]
[v1/wp-content/plugins/wp-megamenu/assets/font-awesome-4.7.0/fonts/fontawesome-webfont3e6e.ttf]
[v1/wp-content/plugins/wp-megamenu/assets/font-awesome-4.7.0/css/font-awesome.min1849.css]
[v1/wp-content/plugins/wp-megamenu/assets/font-awesome-4.7.0/fonts/fontawesome-webfont3e6e.svg]
[v1/danh-muc/du-lich-ha-tien]
[v1/danh-muc/du-lich-con-dao]
[v1/wp-content/plugins/wp-megamenu/assets/icofont/fonts/icofont.woff2]
[v1/wp-content/plugins/wp-megamenu/assets/icofont/fonts/icofont.woff]
[v1/danh-muc/du-lich-my-tho]
[v1/wp-content/plugins/wp-megamenu/assets/icofont/icofont.minf269.css]
[v1/danh-muc/du-lich-dong-thap]
[v1/danh-muc/du-lich-an-giang]
[v1/wp-content/plugins/wp-megamenu/assets/css/wpmm1159.css]
[v1/danh-muc/du-lich-mien-nam-du-lich-mien-nam]
[v1/wp-content/uploads/wp-megamenu/wp-megamenu1159.css]
[v1/danh-muc/du-lich-nuoc-ngoai]
[v1/danh-muc/du-lich-trung-quoc/index.html]
[v1/wp-content/plugins/wp-megamenu/addons/wpmm-featuresbox/wpmm-featuresbox68b3.css]
[v1/danh-muc/du-lich-chau-a/index.html]
[v1/danh-muc/du-lich-han-quoc/index.html]
[v1/wp-content/plugins/wp-megamenu/addons/wpmm-gridpost/wpmm-gridpost68b3.css]
[v1/danh-muc/du-lich-dubai/index.html]
[v1/danh-muc/du-lich-an-do/index.html]
[v1/wp-content/plugins/wp-pagenavi/pagenavi-css44fd.css]
[v1/danh-muc/du-lich-hong-kong/index.html]
[v1/danh-muc/du-lich-thai-lan/index.html]
[v1/wp-content/plugins/contact-me-on-zalo/assets/css/style-24b68.css]
[v1/danh-muc/du-lich-bhutan/index.html]
[v1/danh-muc/du-lich-brunei/index.html]
[v1/wp-content/plugins/hotline-phone-ring/assets/css/style-11717.css]
[v1/danh-muc/du-lich-indonesia/index.html]
[v1/danh-muc/du-lich-campuchia/index.html]
[v1/danh-muc/du-lich-lao/index.html]
[v1/danh-muc/du-lich-dai-loan/index.html]
[v1/wp-content/themes/sangtao24h/assets/css/icons/fl-icons.eot]
[v1/danh-muc/du-lich-singapore/index.html]
[v1/wp-content/themes/sangtao24h/assets/css/icons/fl-icons.woff2]
[v1/wp-content/themes/sangtao24h/assets/css/icons/fl-icons.ttf]
[v1/wp-content/themes/sangtao24h/assets/css/icons/fl-icons.woff]
[v1/wp-content/themes/sangtao24h/assets/css/icons/fl-icons.svg]
[v1/wp-content/themes/sangtao24h/assets/css/fl-icons6de8.css]
[v1/danh-muc/du-lich-malaysia/index.html]
[v1/danh-muc/du-lich-philippines/index.html]
[v1/danh-muc/du-lich-mong-co/index.html]
[v1/danh-muc/du-lich-nhat-ban/index.html]
[v1/wp-content/themes/sangtao24h/assets/img/shadow@2x.png]
[v1/wp-content/themes/sangtao24h/assets/img/underline.png]
[v1/wp-content/themes/sangtao24h/assets/css/flatsome688f.css]
[v1/danh-muc/du-lich-madilves/index.html]
[v1/danh-muc/du-lich-phap/index.html]
[v1/danh-muc/du-lich-chau-au/index.html]
[v1/danh-muc/du-lich-anh/index.html]
[v1/wp-content/themes/sangtao24h/assets/img/i-2.svg]
[v1/wp-content/themes/sangtao24h/assets/img/i-1.svg]
[v1/danh-muc/du-lich-nga/index.html]
[v1/wp-content/themes/sangtao24h/assets/img/breakfast-time.svg]
[v1/wp-content/themes/sangtao24h/assets/img/tub-with-two-holes.svg]
[v1/wp-content/themes/sangtao24h/assets/img/signal-bars.svg]
[v1/wp-content/themes/sangtao24h/assets/img/sedan-car-model.svg]
[v1/wp-content/themes/sangtao24h/assets/img/i-4.svg]
[v1/wp-content/themes/sangtao24h/style688f.css]
[v1/danh-muc/du-lich-duc/index.html]
[v1/danh-muc/du-lich-ao/index.html]
[v1/danh-muc/du-lich-czech/index.html]
[v1/danh-muc/du-lich-trong-nuoc]
[v1/danh-muc/du-lich-bi/index.html]
[v1/danh-muc/du-lich-ha-lan/index.html]
[v1/wp-content/uploads/2020/02/quan-lạn-1-1-300x180.jpg]
[v1/danh-muc/du-lich-hungary/index.html]
[v1/wp-content/uploads/2020/01/yên-tử-2-1-300x180.jpg]
[v1/danh-muc/du-lich-hy-lap/index.html]
[v1/wp-content/uploads/2019/10/kinh-nghiem-di-den-hung-300x180.jpg]
[v1/danh-muc/du-lich-thuy-sy/index.html]
[v1/wp-content/uploads/2020/01/chùa-đồng-yên-tử.jpg-2-300x180.jpg]
[v1/danh-muc/du-lich-y/index.html]
[v1/wp-content/uploads/2020/01/tam-đảo-1-300x180.jpg]
[v1/wp-content/uploads/2020/01/Moc-Chau-4-1-300x180.jpg]
[v1/wp-content/uploads/2019/12/sầm-sơn-1-300x180.jpg]
[v1/wp-content/uploads/2019/12/cô-tô-300x180.jpg]
[v1/danh-muc/du-lich-mien-bac/index.html]
[v1/danh-muc/du-lich-thuy-dien/index.html]
[v1/wp-content/uploads/2019/12/làng-gốm-bát-tràng-1-300x180.jpg]
[v1/wp-content/uploads/2019/11/tam-đảo-1-300x180.jpg]
[v1/danh-muc/du-lich-tho-nhi-ky/index.html]
[v1/danh-muc/du-lich-scotland/index.html]
[v1/wp-content/uploads/2019/11/lang-co-duong-lam-1-300x180.jpg]
[v1/wp-content/uploads/2019/11/ho-Guom-2-1-300x180.jpg]
[v1/wp-content/uploads/2019/10/chùa-hương-300x180.jpg]
[v1/danh-muc/du-lich-ha-noi]
[v1/danh-muc/du-lich-phan-lan/index.html]
[v1/danh-muc/du-lich-monaco/index.html]
[v1/wp-content/uploads/2019/11/Sapa-6-3-300x180.jpg]
[v1/danh-muc/du-lich-sapa]
[v1/danh-muc/du-lich-chau-my/index.html]
[v1/wp-content/uploads/2019/12/Mai-Chau-2-1-300x180.jpg]
[v1/danh-muc/du-lich-mai-chau]
[v1/danh-muc/du-lich-my/index.html]
[v1/danh-muc/du-lich-brazil/index.html]
[v1/danh-muc/du-lich-canada/index.html]
[v1/danh-muc/du-lich-nam-my/index.html]
[v1/wp-content/uploads/2019/11/nb1-300x180.jpg]
[v1/wp-content/uploads/2019/11/ninh-bình-1-300x180.jpg]
[v1/danh-muc/du-lich-ninh-binh]
[v1/danh-muc/du-lich-cuba/index.html]
[v1/wp-content/uploads/2019/11/Ba-Be-3-Copy-1-300x180.jpg]
[v1/danh-muc/du-lich-cao-bang]
[v1/danh-muc/du-lich-maroc/index.html]
[v1/danh-muc/du-lich-chau-phi/index.html]
[v1/danh-muc/du-lich-nam-phi/index.html]
[v1/danh-muc/du-lich-phu-tho/index.html]
[v1/danh-muc/du-lich-ai-cap/index.html]
[v1/khach-san]
[v1/wp-content/uploads/2019/12/Ba-Be-1-Copy-300x180.jpg]
[v1/danh-muc/du-lich-bac-kan]
[v1/category/cam-nang]
[v1/category/thue-xe]
[v1/lien-he]
[v1/danh-muc/du-lich-dien-bien]
[v1/tour/du-lich-mu-cang-chai-2-ngay-1-dem/index.html]
[v1/tour/du-lich-sai-gon-mui-ne-5-ngay-4-dem/index.html]
[v1/danh-muc/du-lich-hai-phong]
[v1/tour/du-lich-can-tho-con-dao-4-ngay-3-dem/index.html]
[v1/tour/du-lich-con-dao-3-ngay-2-dem/index.html]
[v1/danh-muc/du-lich-vinh-phuc]
[v1/tour/du-lich-mien-tay-tp-ho-chi-minh-dong-thap-an-giang-can-tho-my-tho-5-ngay-4-dem/index.html]
[v1/tour/du-lich-mien-tay-ha-noi-tp-ho-chi-minh-dong-thap-an-giang-can-tho-ha-noi-4-ngay-3-dem/index.html]
[v1/tour/du-lich-sai-gon-my-tho-ha-tien-phu-quoc-5-ngay-4-dem/index.html]
[v1/tour/du-lich-sai-gon-my-tho-can-tho-rach-gia-ha-tien-phu-quoc-6-ngay-5-dem/index.html]
[v1/tour/du-lich-ha-noi-sai-gon-my-tho-ben-tre-kdl-dai-nam-4-ngay-3-dem/index.html]
[v1/wp-content/uploads/2019/10/halong-4-Copy-1-300x180.jpg]
[v1/danh-muc/du-lich-quang-ninh]
[v1/wp-content/uploads/2019/12/thung-lũng-bắc-sơn-1-300x180.jpg]
[v1/danh-muc/du-lich-bac-son-lang-son]
[v1/tour/du-lich-bac-ninh-trong-ngay/index.html]
[v1/danh-muc/du-lich-moc-chau-du-lich-mien-bac]
[v1/tour/du-lich-ha-giang-3-ngay-2-dem-2/index.html]
[v1/tour/du-lich-an-giang-dong-thap-4-ngay-3-dem/index.html]
[v1/danh-muc/du-lich-bac-ninh]
[v1/tour/tour-du-lich-can-tho-dao-nam-du-4-ngay-3-dem/index.html]
[v1/tour/du-lich-can-tho-ha-tien-chau-doc-5-ngay-4-dem/index.html]
[v1/danh-muc/du-lich-ha-giang]
[v1/tour/kham-pha-nhat-ban-mua-hoa-anh-dao-osaka-kobe-kyoto-nui-phu-si-tokyo/index.html]
[v1/tour/tour-ha-noi-bangkok-pattaya-ha-noi-5-ngay-4-dem/index.html]
[v1/tour/du-lich-can-tho-ha-tien-phu-quoc-5-ngay-4-dem/index.html]
[v1/tour/du-xuan-dai-loan-ngam-hoa-anh-dao-ha-noi-dai-bac-dai-trung-cao-hung-ha-noi/index.html]
[v1/wp-content/uploads/2020/02/den-long-Hoian-1-300x180.jpg]
[v1/wp-content/uploads/2020/02/cầu-vàng-300x180.jpg]
[v1/tour/tour-bac-kinh-thuong-hai-5-ngay-4-dem/index.html]
[v1/wp-content/uploads/2020/01/nhà-thờ-con-ga-300x180.jpg]
[v1/wp-content/uploads/2019/12/Mui-Ne-6-1-300x180.jpg]
[v1/wp-content/uploads/2019/12/dai-noi-4-1-300x180.jpg]
[v1/tour/du-lich-lao-dong-bac-thai-lan-4-ngay-3-dem/index.html]
[v1/tour/du-lich-thai-lan-5-ngay-4-dem/index.html]
[v1/wp-content/uploads/2019/12/phong-nha-3-1-300x180.jpg]
[v1/wp-content/uploads/2019/11/Nha-Trang-3-1-300x180.jpg]
[v1/tour/du-lich-ha-noi-tham-quyen-quang-chau-ha-noi-4-ngay-3-dem/index.html]
[v1/wp-content/uploads/2019/11/phú-yên-1-1-300x180.jpg]
[v1/wp-content/uploads/2019/11/Nha-Trang-2-1-300x180.jpg]
[v1/wp-content/uploads/2019/11/4-dao-nt-2-300x180.jpg]
[v1/kham-pha-tam-dao-thi-tran-xanh-trong-suong-mu/index.html]
[v1/wp-content/uploads/2019/10/ba-na-hills-1-Copy-2-300x180.jpg]
[v1/danh-muc/du-lich-mien-trung/index.html]
[v1/danh-muc/du-lich-nghe-an]
[v1/danh-muc/du-lich-ha-tinh]
[v1/top-10-nhung-cung-duong-deo-dep-nhat-tai-viet-nam-thach-thuc-nhung-nguoi-yeu-du-lich-den-chinh-phuc/index.html]
[v1/danh-muc/du-lich-hue]
[v1/bo-tui-9-dia-diem-du-lich-khong-the-bo-qua-khi-den-ba-na-hills/index.html]
[v1/kham-pha-cho-phien-bac-ha-net-doc-dao-cua-vung-cao-tay-bac/index.html]
[v1/danh-muc/du-lich-da-nang]
[v1/vi-vu-tai-da-lat-dia-diem-du-lich-ly-tuong-danh-cho-cac-cap-doi/index.html]
[v1/kham-pha-hoi-an-thanh-pho-co-dep-nhat-chau-a/index.html]
[v1/kham-pha-sapa-vung-dat-khiem-nhuong-lang-le-nhung-an-chua-bao-dieu-ki-dieu-cua-canh-sac-thien-nhien/index.html]
[v1/danh-muc/du-lich-da-lat]
[v1/hanh-trinh-kham-pha-hon-dao-phu-quoc-hoang-so-dip-tet-duong-lich-2020/index.html]
[v1/danh-muc/du-lich-nha-trang]
[v1/khach-san/flc-quy-nhon-beach-golf-resort/index.html]
[v1/khach-san/flc-ha-long-bay-golf-club-luxury-resort/index.html]
[v1/danh-muc/du-lich-quy-nhon]
[v1/khach-san/flc-grand-hotel-sam-son/index.html]
[v1/khach-san/flc-luxury-sam-son-beach-golf-resort/index.html]
[v1/khach-san/mai-chau-ecolodge-resort/index.html]
[v1/danh-muc/du-lich-phu-yen]
[v1/khach-san/seastar-ha-long-hotel/index.html]
[v1/danh-muc/du-lich-ninh-thuan]
[v1/khach-san/novotel-hotels-resorts-ha-long-bay/index.html]
[v1/khach-san/flc-luxury-resort-vinh-phuc/index.html]
[v1/danh-muc/du-lich-quang-binh]
[v1/khach-san/apricot-hotel-ha-noi/index.html]
[v1/khach-san/flamingo-dai-lai-resort/index.html]
[v1/khach-san/amazing-hotel-sapa/index.html]
[v1/danh-muc/du-lich-quang-tri]
[v1/khach-san/paos-sapa-leisure-hotel/index.html]
[v1/dich-vu-thue-xe-mercedes-s500-vip-tai-tphcm-va-ha-noi/index.html]
[v1/danh-muc/du-lich-tay-nguyen]
[v1/dich-vu-cho-thue-xe-du-lich-4-16-29-35-45-cho-doi-moi-chat-luong-gia-re/index.html]
[v1/chinh-sach-dat-tour/index.html]
[v1/wp-content/uploads/2019/10/cropped-Vivuviet-favicon-32x32.png]
[v1/wp-content/uploads/2019/10/cropped-Vivuviet-favicon-192x192.png]
[v1/danh-muc/du-lich-thanh-hoa]
[v1/y-kien-khach-hang/index.html]
[v1/chinh-sach-bao-mat/index.html]
[v1/danh-muc/du-lich-hoi-an]
[v1/danh-muc/du-lich-trong-nuoc/feed/index.html]
[v1/danh-muc/du-lich-trong-nuoc/page/2/index.html]
[v1/danh-muc/du-lich-phan-thiet]
[v1/danh-muc/du-lich-trong-nuoc/page/3/index.html]
[v1/danh-muc/du-lich-trong-nuoc/page/4/index.html]
[v1/danh-muc/du-lich-mien-nam/index.html]
[v1/danh-muc/du-lich-trong-nuoc/page/5/index.html]
[v1/danh-muc/du-lich-mien-bac/feed/index.html]
[v1/danh-muc/du-lich-mien-bac/page/2/index.html]
[v1/tour/du-lich-dao-quan-lan-3-ngay-2-dem/index.html]
[v1/wp-content/uploads/2019/10/Phu-Quoc-7-300x180.jpg]
[v1/danh-muc/du-lich-phu-quoc]
[v1/tour/tour-du-lich-chua-tay-thien-trong-ngay/index.html]
[v1/tour/du-lich-phu-tho-le-hoi-den-hung-2-ngay-1-dem/index.html]
[v1/tour/tour-du-lich-yen-tu-trong-ngay/index.html]
[v1/tour/du-lich-tam-dao-2-ngay-1-dem-2/index.html]
[v1/wp-content/uploads/2019/11/tram-chim-1-1-300x180.jpg]
[v1/danh-muc/du-lich-thanh-pho-ho-chi-minh]
[v1/danh-muc/du-lich-ha-noi/feed/index.html]
[v1/danh-muc/du-lich-can-tho]
[v1/danh-muc/du-lich-mien-bac/page/3/index.html]
[v1/tour/776-2/index.html]
[v1/tour/du-lich-dao-co-to-3-ngay-2-dem/index.html]
[v1/tour/du-lich-lang-gom-bat-trang-trong-ngay/index.html]
[v1/wp-content/uploads/2020/01/unnamed-300x180.jpg]
[v1/danh-muc/du-lich-vung-tau]
[v1/tour/du-lich-tam-dao-2-ngay-1-dem/index.html]
[v1/danh-muc/du-lich-ca-mau]
[v1/tour/du-lich-ha-noi-duong-lam-trong-ngay/index.html]
[v1/tour/du-lich-chua-huong-trong-ngay/index.html]
[v1/danh-muc/du-lich-long-an]
[v1/tour/du-lich-ha-noi-trong-ngay-an-trua/index.html]
[v1/danh-muc/du-lich-sapa/feed/index.html]
[v1/danh-muc/du-lich-nam-du]
[v1/tour/du-lich-sapa-3-ngay-2-dem/index.html]
[v1/danh-muc/du-lich-soc-trang]
[v1/tour/du-lich-mai-chau-2-ngay-1-dem/index.html]
[v1/danh-muc/du-lich-mai-chau/feed/index.html]
[v1/danh-muc/du-lich-bac-lieu]
[v1/tour/du-lich-ninh-binh-trong-ngay/index.html]
[v1/tour/du-lich-ninh-binh-2-ngay-1-dem/index.html]
[v1/danh-muc/du-lich-ben-tre]
[v1/danh-muc/du-lich-bac-kan/feed/index.html]
[v1/danh-muc/du-lich-cao-bang/feed/index.html]
[v1/danh-muc/du-lich-kien-giang]
[v1/danh-muc/du-lich-phu-tho/feed/index.html]
[v1/danh-muc/du-lich-ha-tien]
[v1/tour/du-lich-bac-kan-ho-ba-be-2-ngay-1-dem/index.html]
[v1/danh-muc/du-lich-vinh-phuc/feed/index.html]
[v1/danh-muc/du-lich-con-dao]
[v1/tour/du-lich-bac-son-lang-son-2-ngay-1-dem/index.html]
[v1/danh-muc/du-lich-dien-bien/feed/index.html]
[v1/danh-muc/du-lich-my-tho]
[v1/tour/du-lich-ha-long-2-ngay-1-dem/index.html]
[v1/danh-muc/du-lich-dong-thap]
[v1/danh-muc/du-lich-bac-son-lang-son/feed/index.html]
[v1/danh-muc/du-lich-an-giang]
[v1/danh-muc/du-lich-mien-trung/feed/index.html]
[v1/danh-muc/du-lich-moc-chau-du-lich-mien-bac/feed/index.html]
[v1/danh-muc/du-lich-mien-nam-du-lich-mien-nam]
[v1/tour/du-lich-mien-trung-da-nang-hoi-an-hue-dong-hoi-5-ngay-4-dem/index.html]
[v1/danh-muc/du-lich-ha-giang/feed/index.html]
[v1/danh-muc/du-lich-nuoc-ngoai]
[v1/tour/du-lich-da-lat-3-ngay-2-dem/index.html]
[v1/danh-muc/du-lich-chau-a/index.html]
[v1/tour/du-lich-quang-binh-4-ngay-3-dem/index.html]
[v1/tour/du-lich-hue-3-ngay-2-dem/index.html]
[v1/danh-muc/du-lich-trung-quoc/index.html]
[v1/tour/du-lich-quy-nhon-phu-yen-4-ngay-3-dem/index.html]
[v1/tour/du-lich-nha-trang-da-lat-5-ngay-4-dem/index.html]
[v1/danh-muc/du-lich-han-quoc/index.html]
[v1/danh-muc/du-lich-hue/feed/index.html]
[v1/danh-muc/du-lich-dubai/index.html]
[v1/danh-muc/du-lich-da-nang/feed/index.html]
[v1/tour/tour-bon-dao-nha-trang-2019/index.html]
[v1/danh-muc/du-lich-an-do/index.html]
[v1/danh-muc/du-lich-da-lat/feed/index.html]
[v1/tour/du-lich-da-nang-hoi-an-3-ngay-2-dem/index.html]
[v1/danh-muc/du-lich-nha-trang/feed/index.html]
[v1/danh-muc/du-lich-hong-kong/index.html]
[v1/danh-muc/du-lich-quy-nhon/feed/index.html]
[v1/danh-muc/du-lich-thai-lan/index.html]
[v1/danh-muc/du-lich-phu-yen/feed/index.html]
[v1/danh-muc/du-lich-quang-binh/feed/index.html]
[v1/danh-muc/du-lich-bhutan/index.html]
[v1/danh-muc/du-lich-ha-tinh/feed/index.html]
[v1/danh-muc/du-lich-brunei/index.html]
[v1/danh-muc/du-lich-phan-thiet/feed/index.html]
[v1/danh-muc/du-lich-tay-nguyen/feed/index.html]
[v1/danh-muc/du-lich-indonesia/index.html]
[v1/danh-muc/du-lich-quang-tri/feed/index.html]
[v1/danh-muc/du-lich-campuchia/index.html]
[v1/danh-muc/du-lich-mien-nam/page/2/index.html]
[v1/danh-muc/du-lich-lao/index.html]
[v1/danh-muc/du-lich-phu-quoc/feed/index.html]
[v1/danh-muc/du-lich-dai-loan/index.html]
[v1/danh-muc/du-lich-thanh-hoa/feed/index.html]
[v1/danh-muc/du-lich-singapore/index.html]
[v1/danh-muc/du-lich-thanh-pho-ho-chi-minh/feed/index.html]
[v1/danh-muc/du-lich-malaysia/index.html]
[v1/danh-muc/du-lich-ca-mau/feed/index.html]
[v1/danh-muc/du-lich-can-tho/feed/index.html]
[v1/danh-muc/du-lich-philippines/index.html]
[v1/tour/du-lich-mien-tay-song-nuoc-5-ngay-4-dem/index.html]
[v1/danh-muc/du-lich-long-an/feed/index.html]
[v1/danh-muc/du-lich-nhat-ban/index.html]
[v1/tour/du-lich-vung-tau-3-ngay-2-dem/index.html]
[v1/danh-muc/du-lich-ben-tre/feed/index.html]
[v1/danh-muc/du-lich-mong-co/index.html]
[v1/danh-muc/du-lich-kien-giang/feed/index.html]
[v1/danh-muc/du-lich-ha-tien/feed/index.html]
[v1/danh-muc/du-lich-nam-du/feed/index.html]
[v1/danh-muc/du-lich-madilves/index.html]
[v1/danh-muc/du-lich-my-tho/feed/index.html]
[v1/danh-muc/du-lich-soc-trang/feed/index.html]
[v1/danh-muc/du-lich-chau-au/index.html]
[v1/danh-muc/du-lich-anh/index.html]
[v1/danh-muc/du-lich-an-giang/feed/index.html]
[v1/danh-muc/du-lich-dong-thap/feed/index.html]
[v1/danh-muc/du-lich-bac-lieu/feed/index.html]
[v1/danh-muc/du-lich-phap/index.html]
[v1/danh-muc/du-lich-nga/index.html]
[v1/danh-muc/du-lich-duc/index.html]
[v1/danh-muc/du-lich-trung-quoc/feed/index.html]
[v1/danh-muc/du-lich-nuoc-ngoai/feed/index.html]
[v1/danh-muc/du-lich-chau-a/feed/index.html]
[v1/danh-muc/du-lich-ao/index.html]
[v1/danh-muc/du-lich-thai-lan/feed/index.html]
[v1/danh-muc/du-lich-dubai/feed/index.html]
[v1/danh-muc/du-lich-bi/index.html]
[v1/danh-muc/du-lich-an-do/feed/index.html]
[v1/danh-muc/du-lich-czech/index.html]
[v1/danh-muc/du-lich-hong-kong/feed/index.html]
[v1/danh-muc/du-lich-ha-lan/index.html]
[v1/danh-muc/du-lich-bhutan/feed/index.html]
[v1/danh-muc/du-lich-hungary/index.html]
[v1/danh-muc/du-lich-thuy-sy/index.html]
[v1/danh-muc/du-lich-indonesia/feed/index.html]
[v1/danh-muc/du-lich-hy-lap/index.html]
[v1/danh-muc/du-lich-lao/feed/index.html]
[v1/danh-muc/du-lich-y/index.html]
[v1/danh-muc/du-lich-malaysia/feed/index.html]
[v1/danh-muc/du-lich-philippines/feed/index.html]
[v1/danh-muc/du-lich-thuy-dien/index.html]
[v1/danh-muc/du-lich-mong-co/feed/index.html]
[v1/danh-muc/du-lich-tho-nhi-ky/index.html]
[v1/danh-muc/du-lich-nga/feed/index.html]
[v1/danh-muc/du-lich-scotland/index.html]
[v1/danh-muc/du-lich-chau-au/feed/index.html]
[v1/danh-muc/du-lich-phan-lan/index.html]
[v1/danh-muc/du-lich-monaco/index.html]
[v1/danh-muc/du-lich-duc/feed/index.html]
[v1/danh-muc/du-lich-chau-my/index.html]
[v1/danh-muc/du-lich-bi/feed/index.html]
[v1/danh-muc/du-lich-my/index.html]
[v1/danh-muc/du-lich-thuy-sy/feed/index.html]
[v1/danh-muc/du-lich-hungary/feed/index.html]
[v1/danh-muc/du-lich-canada/index.html]
[v1/danh-muc/du-lich-y/feed/index.html]
[v1/danh-muc/du-lich-nam-my/index.html]
[v1/danh-muc/du-lich-tho-nhi-ky/feed/index.html]
[v1/danh-muc/du-lich-brazil/index.html]
[v1/danh-muc/du-lich-monaco/feed/index.html]
[v1/danh-muc/du-lich-chau-my/feed/index.html]
[v1/danh-muc/du-lich-cuba/index.html]
[v1/danh-muc/du-lich-chau-phi/index.html]
[v1/danh-muc/du-lich-maroc/index.html]
[v1/danh-muc/du-lich-nam-phi/index.html]
[v1/danh-muc/du-lich-canada/feed/index.html]
[v1/danh-muc/du-lich-ai-cap/index.html]
[v1/danh-muc/du-lich-brazil/feed/index.html]
[v1/danh-muc/du-lich-maroc/feed/index.html]
[v1/danh-muc/du-lich-nam-phi/feed/index.html]
[v1/wp-json/wp/v2/pages/894.json]
[v1/wp-json/oembed/1.0/embed292d.json]
[v1/wp-json/oembed/1.0/embed2777]
[v1/khach-san]
[v1/wp-json/wp/v2/categories/4.json]
[v1/khach-san/page/2/index.html]
[v1/wp-content/uploads/2020/02/5612_28155785_2038543463101943_7272328553612443648_n1-150x150.jpg]
[v1/category/thue-xe/feed/index.html]
[v1/wp-content/uploads/2019/12/đèo-pha-din-150x150.jpg]
[v1/wp-content/uploads/2019/12/ba-na-hills-1-Copy-150x150.jpg]
[v1/wp-content/uploads/2019/12/thue-xe-mercedes-s500__800x522-150x150.jpg]
[v1/category/thue-xe]
[v1/wp-content/uploads/2019/12/Chợ-phiên-của-Sa-Pa-e1543994815363-150x150.jpg]
[v1/category/cam-nang]
[v1/category/khach-san]
[v1/khach-san-palazzo-3-da-nang/index.html]
[v1/category/cam-nang/feed/index.html]
[v1/wp-json/wp/v2/pages/236.json]
[v1/wp-json/oembed/1.0/embedb411.json]
[v1/wp-json/oembed/1.0/embed7ec5]
[v1/lien-he]
[v1/wp-json/oembed/1.0/embed76cc.json]
[v1/wp-json/oembed/1.0/embedce18]
[v1/wp-content/uploads/2020/06/Mu-Cang-Chai-3.jpg]
[v1/wp-content/uploads/2020/06/Mu-Cang-Chai-4.jpg]
[v1/wp-content/uploads/2020/06/Mu-Cang-Chai-5.jpg]
[v1/wp-content/uploads/2020/06/Mu-Cang-Chai-6.jpg]
[v1/wp-content/uploads/2020/06/mù-căng-chải.jpg]
[v1/tour/du-lich-mu-cang-chai-2-ngay-1-dem/index.html]
[v1/wp-json/oembed/1.0/embed2de8.json]
[v1/dat-tour/indexa670.html]
[v1/wp-json/oembed/1.0/embed4202]
[v1/wp-content/uploads/2020/04/Mui-Ne-4.jpg]
[v1/wp-content/uploads/2020/04/Mui-Ne-6.jpg]
[v1/wp-content/uploads/2020/04/Mui-Ne-1.jpg]
[v1/tour/du-lich-sai-gon-mui-ne-5-ngay-4-dem/index.html]
[v1/wp-json/oembed/1.0/embeddde3.json]
[v1/dat-tour/indexcf42.html]
[v1/wp-json/oembed/1.0/embed12e3]
[v1/wp-content/uploads/2020/02/côn-đảo-1.jpg]
[v1/wp-content/uploads/2020/02/côn-đảo.jpg]
[v1/tour/du-lich-con-dao-3-ngay-2-dem/index.html]
[v1/wp-json/oembed/1.0/embedff35.json]
[v1/dat-tour/index1d53.html]
[v1/wp-json/oembed/1.0/embed736f]
[v1/wp-content/uploads/2020/02/cho-noi-7-scaled.jpg]
[v1/wp-content/uploads/2020/02/cho-noi-2-scaled.jpg]
[v1/wp-content/uploads/2020/02/cho-noi-6-scaled.jpg]
[v1/tour/du-lich-can-tho-con-dao-4-ngay-3-dem/index.html]
[v1/wp-json/oembed/1.0/embedf567.json]
[v1/dat-tour/indexcf4b.html]
[v1/wp-json/oembed/1.0/embed5231]
[v1/wp-content/uploads/2020/02/chua-xu-1-Copy.jpg]
[v1/wp-content/uploads/2020/02/tram-chim-3.jpg]
[v1/wp-content/uploads/2020/02/cho-Ben-Thanh-3.jpg]
[v1/wp-content/uploads/2020/02/nha-tho-Duc-Ba-1.jpg]
[v1/wp-content/uploads/2020/02/mỹ-tho.jpg]
[v1/tour/du-lich-mien-tay-tp-ho-chi-minh-dong-thap-an-giang-can-tho-my-tho-5-ngay-4-dem/index.html]
[v1/wp-json/oembed/1.0/embed2c07.json]
[v1/dat-tour/index48e3.html]
[v1/wp-json/oembed/1.0/embed8feb]
[v1/wp-content/uploads/2020/02/buu-dien-thanh-pho-2.jpg]
[v1/tour/du-lich-mien-tay-ha-noi-tp-ho-chi-minh-dong-thap-an-giang-can-tho-ha-noi-4-ngay-3-dem/index.html]
[v1/wp-json/oembed/1.0/embedd5bf.json]
[v1/dat-tour/index5541.html]
[v1/wp-json/oembed/1.0/embed5c4d]
[v1/wp-content/uploads/2020/02/dinh-Doc-Lap.jpg]
[v1/wp-content/uploads/2020/02/Phu-Quoc-4.jpg]
[v1/wp-content/uploads/2020/02/Phu-Quoc-5.jpg]
[v1/tour/du-lich-sai-gon-my-tho-can-tho-rach-gia-ha-tien-phu-quoc-6-ngay-5-dem/index.html]
[v1/wp-json/oembed/1.0/embedd561.json]
[v1/dat-tour/indexf2c7.html]
[v1/wp-json/oembed/1.0/embeddd93]
[v1/wp-content/uploads/2020/02/kdl-đại-nam.jpg]
[v1/tour/du-lich-sai-gon-my-tho-ha-tien-phu-quoc-5-ngay-4-dem/index.html]
[v1/wp-json/oembed/1.0/embedf5bf.json]
[v1/dat-tour/index31cf.html]
[v1/wp-json/oembed/1.0/embedf286]
[v1/wp-content/uploads/2020/02/dia-dao-Cu-Chi-1-scaled.jpg]
[v1/tour/du-lich-ha-noi-sai-gon-my-tho-ben-tre-kdl-dai-nam-4-ngay-3-dem/index.html]
[v1/dat-tour/indexf694.html]
[v1/tour/du-lich-cat-ba-3-ngay-2-dem/index.html]
[v1/wp-json/oembed/1.0/embed1eba.json]
[v1/wp-json/oembed/1.0/embed8604]
[v1/wp-content/uploads/2020/02/hà-giang.jpg]
[v1/tour/du-lich-ha-giang-3-ngay-2-dem-2/index.html]
[v1/wp-json/oembed/1.0/embed601f.json]
[v1/dat-tour/index4e71.html]
[v1/wp-json/oembed/1.0/embedc8e2]
[v1/wp-content/uploads/2020/02/bắc-ninh-3-1.jpg]
[v1/wp-content/uploads/2020/02/bắc-ninh-4.jpg]
[v1/wp-content/uploads/2020/02/bắc-ninh-2-1.jpg]
[v1/wp-content/uploads/2020/02/bắc-ninh-1-1.jpg]
[v1/tour/du-lich-bac-ninh-trong-ngay/index.html]
[v1/wp-json/oembed/1.0/embed1c0d.json]
[v1/dat-tour/indexa6fb.html]
[v1/wp-json/oembed/1.0/embed10fc]
[v1/wp-content/uploads/2020/04/Tra-Su-2.jpg]
[v1/wp-content/uploads/2020/04/Chau-Doc-1-Copy.jpg]
[v1/wp-content/uploads/2020/04/Chau-Doc-3-scaled.jpg]
[v1/wp-content/uploads/2020/04/cho-noi-3-Copy.jpg]
[v1/tour/du-lich-an-giang-dong-thap-4-ngay-3-dem/index.html]
[v1/wp-json/oembed/1.0/embedadb4.json]
[v1/dat-tour/indexeef3.html]
[v1/wp-json/oembed/1.0/embedd75b]
[v1/wp-content/uploads/2020/02/nam-du-1.jpg]
[v1/wp-content/uploads/2020/02/đảo-nam-du.jpg]
[v1/tour/tour-du-lich-can-tho-dao-nam-du-4-ngay-3-dem/index.html]
[v1/wp-json/oembed/1.0/embede691.json]
[v1/dat-tour/index7714.html]
[v1/wp-json/oembed/1.0/embed4df5]
[v1/wp-content/uploads/2019/11/rung-co-1-Copy-1.jpg]
[v1/wp-content/uploads/2019/11/Chau-Doc-2-Copy-1.jpg]
[v1/wp-content/uploads/2019/11/tram-chim-1-1.jpg]
[v1/wp-content/uploads/2020/02/hà-tiên.jpg]
[v1/tour/du-lich-can-tho-ha-tien-chau-doc-5-ngay-4-dem/index.html]
[v1/dat-tour/index296e.html]
[v1/wp-json/oembed/1.0/embeda157.json]
[v1/wp-json/oembed/1.0/embed8c5e]
[v1/tour/du-lich-can-tho-ha-tien-phu-quoc-5-ngay-4-dem/index.html]
[v1/wp-json/oembed/1.0/embedca57.json]
[v1/dat-tour/index3cff.html]
[v1/wp-json/oembed/1.0/embedcacd]
[v1/wp-content/uploads/2020/03/núi-phú-sĩ.jpg]
[v1/tour/kham-pha-nhat-ban-mua-hoa-anh-dao-osaka-kobe-kyoto-nui-phu-si-tokyo/index.html]
[v1/dat-tour/index8ae9.html]
[v1/wp-json/oembed/1.0/embed884b.json]
[v1/wp-json/oembed/1.0/embedf4d7]
[v1/wp-content/uploads/2020/03/pattya-1.jpg]
[v1/tour/tour-ha-noi-bangkok-pattaya-ha-noi-5-ngay-4-dem/index.html]
[v1/wp-json/oembed/1.0/embed4e6f.json]
[v1/dat-tour/index1935.html]
[v1/wp-json/oembed/1.0/embedf45c]
[v1/wp-content/uploads/2020/03/đài-loan.jpg]
[v1/tour/du-xuan-dai-loan-ngam-hoa-anh-dao-ha-noi-dai-bac-dai-trung-cao-hung-ha-noi/index.html]
[v1/wp-json/oembed/1.0/embed1642.json]
[v1/dat-tour/indexc42f.html]
[v1/wp-json/oembed/1.0/embeda89a]
[v1/wp-content/uploads/2020/03/Bắc-kinh.jpg]
[v1/tour/tour-bac-kinh-thuong-hai-5-ngay-4-dem/index.html]
[v1/wp-json/oembed/1.0/embed21de.json]
[v1/dat-tour/index42ff.html]
[v1/wp-json/oembed/1.0/embed425c]
[v1/wp-content/uploads/2019/11/unnamed-3.jpg]
[v1/wp-content/uploads/2019/11/lào.jpg]
[v1/wp-content/uploads/2019/11/Lao-2-1.jpg]
[v1/wp-content/uploads/2019/11/Lao-3.jpg]
[v1/tour/du-lich-lao-dong-bac-thai-lan-4-ngay-3-dem/index.html]
[v1/wp-json/oembed/1.0/embedb0ff.json]
[v1/dat-tour/index59e8.html]
[v1/wp-json/oembed/1.0/embed586f]
[v1/wp-content/uploads/2019/10/1_9395_02.jpg]
[v1/wp-content/uploads/2019/10/nendidulichthailanmuanaodepnhat.jpg]
[v1/wp-content/uploads/2019/10/tượng-phật.jpg]
[v1/wp-content/uploads/2019/10/chùa-Xá-Lợi.jpg]
[v1/wp-content/uploads/2019/10/tiger.jpg]
[v1/wp-content/uploads/2019/10/cá-sấu.jpg]
[v1/wp-content/uploads/2019/10/chùa-tại-Thái-Lan-2.jpg]
[v1/wp-content/uploads/2019/10/vietnamairlines-300x189.jpg]
[vietlandtravel.vn/upload/images/thai-airways.png]
[vietlandtravel.vn/upload/images/tiger-zoo.jpg]
[vietlandtravel.vn/upload/images/tuong-phat-bon-mat-ERAWAN.jpg]
[vietlandtravel.vn/upload/images/song-Chao-Phraya.jpg]
[vietlandtravel.vn/upload/images/chua-thuyen.jpg]
[vietlandtravel.vn/upload/images/chua-nui-vang.jpg]
[vietlandtravel.vn/upload/images/chonoibonmien.jpg]
[vietlandtravel.vn/upload/images/Colosseum-Show.jpg]
[v1/tour/du-lich-thai-lan-5-ngay-4-dem/index.html]
[v1/dat-tour/index6a7a.html]
[v1/wp-json/oembed/1.0/embed0a42]
[v1/wp-content/uploads/2019/10/dac-khu-kinh-te-tham-quyen-3-1508813562524-1034.jpg]
[v1/wp-content/uploads/2019/10/tham-quyen-trung-quoc_19141473.jpg]
[v1/wp-content/uploads/2019/10/du-lich-tham-quyen-trung-quoc-600x466-1.jpg]
[v1/wp-content/uploads/2019/10/du-lich-tham-quyen-1.jpg]
[v1/wp-content/uploads/2019/10/cong-vien-cua-so-the-gioi-1.jpg]
[v1/tour/du-lich-ha-noi-tham-quyen-quang-chau-ha-noi-4-ngay-3-dem/index.html]
[v1/wp-json/wp/v2/posts/913.json]
[v1/dat-tour/indexecf3.html]
[v1/kham-pha-tam-dao-thi-tran-xanh-trong-suong-mu/feed/index.html]
[v1/wp-json/oembed/1.0/embed00ec.json]
[v1/wp-json/oembed/1.0/embed115c]
[v1/wp-content/uploads/2020/02/ảnh-2-13-300x201.jpg]
[v1/wp-content/uploads/2020/02/unnamed-220x300.jpg]
[v1/wp-content/uploads/2020/02/1804_23824649_514810905554118_9144067106411642880_n1-300x225.jpg]
[v1/wp-content/uploads/2020/02/5026377184_963727433c_b-201x300.jpg]
[v1/wp-content/uploads/2020/02/den-chua-1-300x200.jpg]
[v1/wp-content/uploads/2020/02/unnamed-1-300x199.jpg]
[v1/wp-content/uploads/2020/02/cổng-troi-1024x652-300x191.jpg]
[v1/author/admin/index.html]
[v1/wp-includes/js/comment-reply.min4118.js]
[v1/kham-pha-tam-dao-thi-tran-xanh-trong-suong-mu/index.html]
[v1/wp-json/wp/v2/posts/761.json]
[v1/top-10-nhung-cung-duong-deo-dep-nhat-tai-viet-nam-thach-thuc-nhung-nguoi-yeu-du-lich-den-chinh-phuc/feed/index.html]
[v1/wp-json/oembed/1.0/embed76e5.json]
[v1/wp-json/oembed/1.0/embed0c6d]
[v1/wp-content/uploads/2019/12/đèo-mã-pì-lèng-300x200.jpg]
[v1/wp-content/uploads/2019/12/đèo-pha-đin-1-300x200.jpg]
[v1/wp-content/uploads/2019/12/đèo-tà-xùa-300x200.jpg]
[v1/wp-content/uploads/2019/12/đèo-khau-phạ-300x225.jpg]
[v1/wp-content/uploads/2019/12/đèo-thung-khe-300x201.jpg]
[v1/wp-content/uploads/2019/12/deo-o-quy-ho-300x188.jpg]
[v1/wp-content/uploads/2019/12/đèo-hải-vân-300x225.jpg]
[v1/wp-content/uploads/2019/12/đèo-ngoạn-mục-300x190.jpg]
[v1/wp-content/uploads/2019/12/deo-cù-mông-300x166.jpg]
[v1/top-10-nhung-cung-duong-deo-dep-nhat-tai-viet-nam-thach-thuc-nhung-nguoi-yeu-du-lich-den-chinh-phuc/index.html]
[v1/wp-content/uploads/2019/12/dèo-mẻ-pía-1-300x219.jpg]
[v1/wp-json/wp/v2/posts/750.json]
[v1/bo-tui-9-dia-diem-du-lich-khong-the-bo-qua-khi-den-ba-na-hills/feed/index.html]
[v1/wp-json/oembed/1.0/embed6ce2.json]
[v1/wp-json/oembed/1.0/embedba0f]
[v1/wp-content/uploads/2019/12/cầu-vàng-300x180.jpg]
[v1/wp-content/uploads/2019/12/khu-làng-pháp-trên-bà-nà-hill-300x171.jpg]
[v1/wp-content/uploads/2019/12/cáp-treo-bà-nà-300x191.jpg]
[v1/wp-content/uploads/2019/12/chùa-lĩnh-chúa-linh-từ-bà-nà-hills-300x188.jpg]
[v1/wp-content/uploads/2019/12/chùa-linh-ứng-300x225.jpg]
[v1/wp-content/uploads/2019/12/fantasy-park-300x188.jpg]
[v1/wp-content/uploads/2019/12/vườn-hoa-le-jardin-damour-bà-nà-300x162.jpg]
[v1/bo-tui-9-dia-diem-du-lich-khong-the-bo-qua-khi-den-ba-na-hills/index.html]
[v1/wp-json/wp/v2/posts/612.json]
[v1/kham-pha-cho-phien-bac-ha-net-doc-dao-cua-vung-cao-tay-bac/feed/index.html]
[v1/wp-json/oembed/1.0/embedca94.json]
[v1/wp-json/oembed/1.0/embed0e38]
[v1/kham-pha-cho-phien-bac-ha-net-doc-dao-cua-vung-cao-tay-bac/index.html]
[v1/wp-json/wp/v2/posts/561.json]
[v1/vi-vu-tai-da-lat-dia-diem-du-lich-ly-tuong-danh-cho-cac-cap-doi/feed/index.html]
[v1/wp-json/oembed/1.0/embedac2d.json]
[v1/wp-json/oembed/1.0/embede1eb]
[v1/wp-content/uploads/2019/12/lang-biang-300x225.jpg]
[v1/wp-content/uploads/2019/12/nhà-thờ-con-ga-300x221.jpg]
[v1/wp-content/uploads/2019/12/vuon-dau-da-lat-300x146.jpg]
[v1/wp-content/uploads/2019/12/20170104091915-doi-che-cau-dat-gody-4-300x200.jpg]
[v1/wp-content/uploads/2019/12/tour-doi-co-tuyet-da-lat-1-300x153.jpg]
[v1/vi-vu-tai-da-lat-dia-diem-du-lich-ly-tuong-danh-cho-cac-cap-doi/index.html]
[v1/tour/du-lich-nha-trang-da-lat-5-ngay-4-dem/embed/index.html]
[v1/wp-json/wp/v2/posts/523.json]
[v1/kham-pha-hoi-an-thanh-pho-co-dep-nhat-chau-a/feed/index.html]
[v1/wp-json/oembed/1.0/embed4ee0.json]
[v1/wp-json/oembed/1.0/embed86bc]
[v1/kham-pha-hoi-an-thanh-pho-co-dep-nhat-chau-a/index.html]
[v1/kham-pha-sapa-vung-dat-khiem-nhuong-lang-le-nhung-an-chua-bao-dieu-ki-dieu-cua-canh-sac-thien-nhien/feed/index.html]
[v1/wp-json/wp/v2/posts/497.json]
[v1/wp-json/oembed/1.0/embed0244.json]
[v1/wp-json/oembed/1.0/embed5c93]
[v1/kham-pha-sapa-vung-dat-khiem-nhuong-lang-le-nhung-an-chua-bao-dieu-ki-dieu-cua-canh-sac-thien-nhien/index.html]
[v1/wp-json/wp/v2/posts/188.json]
[v1/hanh-trinh-kham-pha-hon-dao-phu-quoc-hoang-so-dip-tet-duong-lich-2020/feed/index.html]
[v1/wp-json/oembed/1.0/embeda470.json]
[v1/wp-json/oembed/1.0/embed7d0a]
[dulichviet.com.vn/images/bandidau/bai-sao-phu-quoc-tet(1).jpg]
[dulichviet.com.vn/images/bandidau/vinpearl-land-phu-quoc-tet-duong-lich.jpg]
[dulichviet.com.vn/images/bandidau/cau-muc-dem-phu-quoc.jpg]
[v1/hanh-trinh-kham-pha-hon-dao-phu-quoc-hoang-so-dip-tet-duong-lich-2020/index.html]
[v1/wp-json/oembed/1.0/embed3f27.json]
[v1/wp-json/oembed/1.0/embed5e07]
[v1/wp-content/uploads/2020/03/flc-quy-nhơn.jpg]
[v1/wp-content/uploads/2020/03/flc-quy-nhon-1.jpg]
[v1/wp-content/uploads/2020/03/flc-quy-nhon-2.jpg]
[v1/wp-content/uploads/2020/03/flc-quy-nhon-3.jpg]
[v1/wp-content/uploads/2020/03/flc-quy-nhon-4.jpg]
[v1/wp-content/uploads/2020/03/flc-quy-nhon-5.jpg]
[v1/wp-content/uploads/2020/03/flc-quy-nhon-6.jpg]
[v1/wp-content/uploads/2020/03/flc-quy-nhon-7.jpg]
[v1/khach-san/flc-quy-nhon-beach-golf-resort/index.html]
[v1/wp-json/oembed/1.0/embedad1b.json]
[v1/wp-json/oembed/1.0/embedc7dd]
[v1/wp-content/uploads/2020/03/flc-hạ-long.jpg]
[v1/wp-content/uploads/2020/03/flc-hạ-long-1.jpg]
[v1/wp-content/uploads/2020/03/flc-hạ-long-2.jpg]
[v1/wp-content/uploads/2020/03/flc-hạ-long-3.jpg]
[v1/wp-content/uploads/2020/03/flc-hạ-long-4.jpg]
[v1/wp-content/uploads/2020/03/flc-hạ-long-5.jpg]
[v1/wp-content/uploads/2020/03/flc-hạ-long-6.jpg]
[v1/wp-content/uploads/2020/03/flc-hạ-long-7.jpg]
[v1/wp-content/uploads/2020/03/flc-hạ-long-8.jpg]
[v1/wp-content/uploads/2020/03/flc-hạ-long-9.jpg]
[v1/wp-content/uploads/2020/03/flc-hạ-long-11.jpg]
[v1/khach-san/flc-ha-long-bay-golf-club-luxury-resort/index.html]
[v1/wp-json/oembed/1.0/embed7e86.json]
[v1/wp-json/oembed/1.0/embed9569]
[v1/wp-content/uploads/2020/03/flc-grand.jpg]
[v1/wp-content/uploads/2020/03/flc-grand-1.jpg]
[v1/wp-content/uploads/2020/03/flc-grand-2.jpg]
[v1/wp-content/uploads/2020/03/flc-grand-3.jpg]
[v1/khach-san/flc-grand-hotel-sam-son/index.html]
[v1/wp-json/oembed/1.0/embed7703.json]
[v1/wp-json/oembed/1.0/embed9415]
[v1/wp-content/uploads/2020/03/flc-sam-son.jpg]
[v1/wp-content/uploads/2020/03/flc-sam-son-1.jpg]
[v1/wp-content/uploads/2020/03/flc-sam-son-2.jpg]
[v1/wp-content/uploads/2020/03/flc-sam-son-3.jpg]
[v1/wp-content/uploads/2020/03/flc-sam-son-4.jpg]
[v1/wp-content/uploads/2020/03/flc-sam-son-5.jpg]
[v1/wp-content/uploads/2020/03/flc-sam-son-6.jpg]
[v1/wp-content/uploads/2020/03/flc-sam-son-7.jpg]
[v1/wp-content/uploads/2020/03/flc-sam-son-8.jpg]
[v1/wp-content/uploads/2020/03/flc-sam-son-9.jpg]
[v1/wp-content/uploads/2020/03/flc-sam-son-11.jpg]
[v1/khach-san/flc-luxury-sam-son-beach-golf-resort/index.html]
[v1/wp-json/oembed/1.0/embeddde4.json]
[v1/wp-json/oembed/1.0/embed3b01]
[v1/wp-content/uploads/2020/03/mc-ecolodge.jpg]
[v1/wp-content/uploads/2020/03/mc-ecolodge-1.jpg]
[v1/wp-content/uploads/2020/03/mc-ecolodge-2.jpg]
[v1/wp-content/uploads/2020/03/mc-ecolodge-3.jpg]
[v1/wp-content/uploads/2020/03/mc-ecolodge-4.jpg]
[v1/wp-content/uploads/2020/03/mc-ecolodge-5.jpg]
[v1/wp-content/uploads/2020/03/mc-ecolodge-6.jpg]
[v1/wp-content/uploads/2020/03/mc-ecolodge-7.jpg]
[v1/khach-san/mai-chau-ecolodge-resort/index.html]
[v1/wp-json/oembed/1.0/embed2543.json]
[v1/wp-json/oembed/1.0/embed2af5]
[v1/wp-content/uploads/2020/03/seastar-hl.jpg]
[v1/wp-content/uploads/2020/03/seastar.jpg]
[v1/wp-content/uploads/2020/03/SEASTAR-3.jpg]
[v1/wp-content/uploads/2020/03/seastar-5.jpg]
[v1/khach-san/seastar-ha-long-hotel/index.html]
[v1/wp-json/oembed/1.0/embedffc7.json]
[v1/wp-json/oembed/1.0/embed3a88]
[v1/wp-content/uploads/2020/03/Novotel-Hạ-Long.jpg]
[v1/wp-content/uploads/2020/03/novotel-1.jpg]
[v1/wp-content/uploads/2020/03/novotel-2.jpg]
[v1/khach-san/novotel-hotels-resorts-ha-long-bay/index.html]
[v1/wp-content/uploads/2020/03/novotel-3.jpg]
[v1/wp-json/oembed/1.0/embedf441.json]
[v1/wp-json/oembed/1.0/embedfb93]
[v1/khach-san/apricot-hotel-ha-noi/index.html]
[v1/wp-content/uploads/2020/03/apricot.jpg]
[v1/wp-json/oembed/1.0/embed21d9.json]
[v1/wp-json/oembed/1.0/embed79d0]
[v1/wp-content/uploads/2020/03/FLC-Luxury-vp.jpg]
[v1/wp-content/uploads/2020/03/FLC-luxury-vp1.jpg]
[v1/wp-content/uploads/2020/03/FLC-Luxury-v-3.png]
[v1/khach-san/flc-luxury-resort-vinh-phuc/index.html]
[v1/wp-json/oembed/1.0/embed42d7.json]
[v1/wp-json/oembed/1.0/embeda717]
[v1/wp-content/uploads/2020/03/flamingo.jpg]
[v1/wp-content/uploads/2020/03/flamingo-3.jpg]
[v1/wp-content/uploads/2020/03/flamingo-4.jpg]
[v1/wp-content/uploads/2020/03/flamingo-5.jpg]
[v1/wp-content/uploads/2020/03/flamingo-6.jpg]
[v1/wp-content/uploads/2020/03/flamingo-7.jpg]
[v1/wp-content/uploads/2020/03/flamingo-8.jpg]
[v1/wp-content/uploads/2020/03/flamingo-9.jpg]
[v1/wp-content/uploads/2020/03/flamingo-10.jpg]
[v1/khach-san/flamingo-dai-lai-resort/index.html]
[v1/wp-json/oembed/1.0/embedf5ae.json]
[v1/wp-json/oembed/1.0/embed1003]
[v1/wp-content/uploads/2020/03/Amazing.jpg]
[v1/wp-content/uploads/2020/03/amazing-1.jpg]
[v1/wp-content/uploads/2020/03/amazing-2.jpg]
[v1/wp-content/uploads/2020/03/amazing-3.jpg]
[v1/wp-content/uploads/2020/03/amazing4.jpg]
[v1/wp-content/uploads/2020/03/amazing5.jpg]
[v1/khach-san/amazing-hotel-sapa/index.html]
[v1/wp-json/oembed/1.0/embed06a3.json]
[v1/wp-json/oembed/1.0/embed8bed]
[v1/wp-content/uploads/2020/03/Overview_7-sua-01.jpg]
[v1/wp-content/uploads/2020/03/ĐẠI-DIỆN.jpg]
[v1/wp-content/uploads/2020/03/Deluxe-Twin_4.jpg]
[v1/wp-content/uploads/2020/03/Đại-diện1.jpg]
[v1/wp-content/uploads/2020/03/Deluxe-Twin_4-1.jpg]
[v1/wp-content/uploads/2020/03/h-mong.jpg]
[v1/wp-content/uploads/2020/03/Pao.jpg]
[v1/khach-san/paos-sapa-leisure-hotel/index.html]
[v1/dich-vu-thue-xe-mercedes-s500-vip-tai-tphcm-va-ha-noi/feed/index.html]
[v1/wp-json/wp/v2/posts/743.json]
[v1/wp-json/oembed/1.0/embed7ed8.json]
[v1/wp-json/oembed/1.0/embedfa4a]
[v1/wp-content/uploads/2019/12/thue-xe-mercedes-s500__800x522.jpg]
[v1/dich-vu-thue-xe-mercedes-s500-vip-tai-tphcm-va-ha-noi/index.html]
[v1/wp-json/wp/v2/posts/457.json]
[v1/dich-vu-cho-thue-xe-du-lich-4-16-29-35-45-cho-doi-moi-chat-luong-gia-re/feed/index.html]
[v1/wp-json/oembed/1.0/embed6bec.json]
[v1/wp-json/oembed/1.0/embed6c19]
[v1/wp-content/uploads/2019/11/xe-29-300x225.png]
[v1/wp-content/uploads/2019/11/xe-dl-300x225.jpg]
[v1/dich-vu-cho-thue-xe-du-lich-4-16-29-35-45-cho-doi-moi-chat-luong-gia-re/index.html]
[v1/wp-content/uploads/2019/11/xe-du-lịch.jpg]
[v1/wp-json/wp/v2/pages/734.json]
[v1/wp-json/oembed/1.0/embedb241.json]
[v1/wp-json/oembed/1.0/embed154d]
[v1/chinh-sach-dat-tour/index.html]
[v1/wp-json/wp/v2/pages/736.json]
[v1/wp-json/oembed/1.0/embed9a26.json]
[v1/wp-json/oembed/1.0/embed6227]
[v1/chinh-sach-bao-mat/index.html]
[v1/wp-json/wp/v2/pages/738.json]
[v1/wp-json/oembed/1.0/embeda171.json]
[v1/wp-json/oembed/1.0/embed2674]
[v1/y-kien-khach-hang/index.html]
[v1/wp-content/themes/sangtao24h/assets/slider/img/controls.png]
[v1/wp-content/themes/sangtao24h/assets/slider/css/lightslider.min.css]
[v1/wp-content/plugins/wp-megamenu/assets/font-awesome-4.7.0/fonts/fontawesome-webfont3e6e.svg]
[v1/wp-content/themes/sangtao24h/assets/css/icons/fl-icons.svg]
[v1/wp-content/themes/sangtao24h/assets/img/i-2.svg]
[v1/wp-content/themes/sangtao24h/assets/img/i-1.svg]
[v1/wp-content/themes/sangtao24h/assets/img/breakfast-time.svg]
[v1/wp-content/themes/sangtao24h/assets/img/tub-with-two-holes.svg]
[v1/wp-content/themes/sangtao24h/assets/img/signal-bars.svg]
[v1/wp-content/themes/sangtao24h/assets/img/sedan-car-model.svg]
[v1/wp-content/themes/sangtao24h/assets/img/i-4.svg]
[v1/danh-muc/du-lich-trong-nuoc/page/2/index.html]
[v1/danh-muc/du-lich-trong-nuoc/page/3/index.html]
[v1/danh-muc/du-lich-trong-nuoc/page/4/index.html]
[v1/danh-muc/du-lich-trong-nuoc/page/5/index.html]
[v1/danh-muc/du-lich-mien-bac/page/2/index.html]
[v1/wp-json/oembed/1.0/embed0517.json]
[v1/wp-json/oembed/1.0/embed49d6]
[v1/wp-content/uploads/2020/02/quan-lạn-3-1.jpg]
[v1/wp-content/uploads/2020/02/quan-lạn-2-1.jpg]
[v1/wp-content/uploads/2020/02/quan-lạn-1-1.jpg]
[v1/wp-content/uploads/2020/02/quan-lạn.jpg]
[v1/tour/du-lich-dao-quan-lan-3-ngay-2-dem/index.html]
[v1/wp-json/oembed/1.0/embeddc9d.json]
[v1/dat-tour/index8637.html]
[v1/wp-json/oembed/1.0/embed2217]
[v1/wp-content/uploads/2020/01/yên-tử-2-1.jpg]
[v1/tour/tour-du-lich-chua-tay-thien-trong-ngay/index.html]
[v1/dat-tour/index441c.html]
[v1/wp-json/oembed/1.0/embed9844.json]
[v1/wp-json/oembed/1.0/embed462b]
[v1/wp-content/uploads/2019/10/kinh-nghiem-di-den-hung.jpg]
[v1/tour/du-lich-phu-tho-le-hoi-den-hung-2-ngay-1-dem/index.html]
[v1/wp-json/oembed/1.0/embed952b.json]
[v1/dat-tour/indexce0a.html]
[v1/wp-json/oembed/1.0/embed7af0]
[v1/wp-content/uploads/2020/01/chùa-đồng-yên-tử.jpg-2.jpg]
[v1/wp-content/uploads/2020/01/unnamed-2.jpg]
[v1/tour/tour-du-lich-yen-tu-trong-ngay/index.html]
[v1/wp-json/oembed/1.0/embed07cd.json]
[v1/dat-tour/indexe9ef.html]
[v1/wp-json/oembed/1.0/embedc855]
[v1/wp-content/uploads/2019/11/tam-đảo-1.jpg]
[v1/wp-content/uploads/2019/11/quán-gió-tam-đảo-1.jpg]
[v1/tour/du-lich-tam-dao-2-ngay-1-dem-2/index.html]
[v1/wp-json/oembed/1.0/embed246a.json]
[v1/dat-tour/indexef18.html]
[v1/tour/du-lich-moc-chau-2-ngay-1-dem/index.html]
[v1/wp-json/oembed/1.0/embed947e]
[v1/wp-content/uploads/2019/12/sầm-sơn-1.jpg]
[v1/wp-content/uploads/2019/12/den-co-tien-1.jpg]
[v1/wp-content/uploads/2019/12/den-doc-cuoc.jpg]
[v1/wp-content/uploads/2019/12/Đền_Độc_Cước-1-scaled.jpg]
[v1/tour/776-2/index.html]
[v1/dat-tour/index0254.html]
[v1/wp-json/oembed/1.0/embedd37c.json]
[v1/wp-json/oembed/1.0/embed0b00]
[v1/wp-content/uploads/2019/12/cô-tô.jpg]
[v1/tour/du-lich-dao-co-to-3-ngay-2-dem/index.html]
[v1/danh-muc/du-lich-mien-bac/page/3/index.html]
[v1/wp-json/oembed/1.0/embeda803.json]
[v1/dat-tour/indexa7ef.html]
[v1/wp-json/oembed/1.0/embedb94b]
[v1/wp-content/uploads/2019/12/làng-gốm-bát-tràng-1.jpg]
[v1/tour/du-lich-lang-gom-bat-trang-trong-ngay/index.html]
[v1/wp-json/oembed/1.0/embed5bf4.json]
[v1/dat-tour/indexe80e.html]
[v1/wp-json/oembed/1.0/embed52ad]
[v1/tour/du-lich-tam-dao-2-ngay-1-dem/index.html]
[v1/wp-json/oembed/1.0/embed3daf.json]
[v1/dat-tour/indexd549.html]
[v1/wp-json/oembed/1.0/embed3837]
[v1/wp-content/uploads/2019/11/lang-co-duong-lam-1.jpg]
[v1/tour/du-lich-ha-noi-duong-lam-trong-ngay/index.html]
[v1/wp-json/oembed/1.0/embed8082.json]
[v1/dat-tour/index459f.html]
[v1/wp-json/oembed/1.0/embed4644]
[v1/wp-content/uploads/2019/11/chua-Tran-Quoc-1.jpg]
[v1/wp-content/uploads/2019/11/ho-Guom-2-1.jpg]
[v1/wp-content/uploads/2019/11/lang-Ho-Chi-Minh-2-1.jpg]
[v1/wp-content/uploads/2019/11/Van-Mieu-1-1.jpg]
[v1/wp-content/uploads/2019/11/Van-Mieu-3-1.jpg]
[v1/tour/du-lich-ha-noi-trong-ngay-an-trua/index.html]
[v1/dat-tour/indexb265.html]
[v1/wp-json/oembed/1.0/embed7a79.json]
[v1/wp-json/oembed/1.0/embed99c9]
[v1/wp-content/uploads/2019/10/chua-Huong-3-Copy.jpg]
[v1/wp-content/uploads/2019/10/shutterstock_1073211926-Copy.jpg]
[v1/wp-content/uploads/2019/10/chùa-hương-scaled.jpg]
[v1/tour/du-lich-chua-huong-trong-ngay/index.html]
[v1/dat-tour/index2ea1.html]
[v1/wp-json/oembed/1.0/embed6b77.json]
[v1/wp-json/oembed/1.0/embed0050]
[v1/wp-content/uploads/2019/11/Sapa-2.jpg]
[v1/wp-content/uploads/2019/11/Sapa-5-2.jpg]
[v1/wp-content/uploads/2019/11/Sapa-6-3.jpg]
[v1/wp-content/uploads/2019/11/Sapa-7-2.jpg]
[v1/wp-content/uploads/2019/11/Sapa-9-2.jpg]
[v1/wp-content/uploads/2019/11/Sapa-12-2.jpg]
[v1/tour/du-lich-sapa-3-ngay-2-dem/index.html]
[v1/dat-tour/index2257.html]
[v1/wp-json/oembed/1.0/embed9db3.json]
[v1/wp-json/oembed/1.0/embed8a65]
[v1/wp-content/uploads/2019/12/Mai-Chau-1-1.jpg]
[v1/wp-content/uploads/2019/12/Mai-Chau-2-1.jpg]
[v1/wp-content/uploads/2019/12/Mai-Chau-4-1.jpg]
[v1/tour/du-lich-mai-chau-2-ngay-1-dem/index.html]
[v1/danh-muc/du-lich-ninh-binh/feed/index.html]
[v1/wp-json/oembed/1.0/embed8853]
[v1/wp-content/uploads/2019/11/nb2-1.jpg]
[v1/wp-content/uploads/2019/11/ninh-bình-1.jpg]
[v1/tour/du-lich-ninh-binh-trong-ngay/index.html]
[v1/dat-tour/indexe888.html]
[v1/wp-json/oembed/1.0/embed45bd.json]
[v1/wp-json/oembed/1.0/embed4117]
[v1/wp-content/uploads/2019/11/nb3.jpg]
[v1/tour/du-lich-ninh-binh-2-ngay-1-dem/index.html]
[v1/dat-tour/indexbb29.html]
[v1/wp-json/oembed/1.0/embed0d70.json]
[v1/tour/du-lich-ho-ba-be-thac-ban-gioc-3-ngay-2-dem/index.html]
[v1/wp-json/oembed/1.0/embed9347]
[v1/wp-content/uploads/2019/12/Ba-Be-1-Copy.jpg]
[v1/wp-content/uploads/2019/12/Ba-Be-3-Copy.jpg]
[v1/wp-content/uploads/2019/12/Ba-Be-7-Copy.jpg]
[v1/wp-content/uploads/2019/12/Ba-Be-4-Copy.jpg]
[v1/tour/du-lich-bac-kan-ho-ba-be-2-ngay-1-dem/index.html]
[v1/danh-muc/du-lich-quang-ninh/feed/index.html]
[v1/dat-tour/index1503.html]
[v1/danh-muc/du-lich-hai-phong/feed/index.html]
[v1/wp-json/oembed/1.0/embed8f28.json]
[v1/wp-json/oembed/1.0/embed260b]
[v1/wp-content/uploads/2019/10/halong-1-Copy-1.jpg]
[v1/wp-content/uploads/2019/10/halong-2-Copy-1.jpg]
[v1/wp-content/uploads/2019/10/halong-4-Copy-1.jpg]
[v1/tour/du-lich-ha-long-2-ngay-1-dem/index.html]
[v1/wp-json/oembed/1.0/embedaf78.json]
[v1/dat-tour/indexd51a.html]
[v1/wp-json/oembed/1.0/embed4837]
[v1/wp-content/uploads/2019/12/thung-lũng-bắc-sơn-1.jpg]
[v1/tour/du-lich-bac-son-lang-son-2-ngay-1-dem/index.html]
[v1/danh-muc/du-lich-bac-ninh/feed/index.html]
[v1/wp-json/oembed/1.0/embed1bcb.json]
[v1/dat-tour/index8101.html]
[v1/tour/du-lich-mien-trung-da-nang-hoi-an-hue-dong-hoi-4-ngay-3-dem/index.html]
[v1/wp-json/oembed/1.0/embedd3ea]
[v1/wp-content/uploads/2020/02/cầu-vàng.jpg]
[v1/wp-content/uploads/2019/10/Hoian-7.jpg]
[v1/wp-content/uploads/2019/10/chua-Cau-Hoian-1.jpg]
[v1/wp-content/uploads/2019/12/dai-noi-2-1.jpg]
[v1/wp-content/uploads/2019/12/cáp-treo-bà-nà.jpg]
[v1/tour/du-lich-mien-trung-da-nang-hoi-an-hue-dong-hoi-5-ngay-4-dem/index.html]
[v1/dat-tour/indexd128.html]
[v1/wp-json/oembed/1.0/embed56ee.json]
[v1/wp-json/oembed/1.0/embedb13a]
[v1/wp-content/uploads/2020/01/Dalat-2-Copy.jpg]
[v1/wp-content/uploads/2020/01/Dalat-3-Copy.jpg]
[v1/wp-content/uploads/2020/01/Dalat-4-Copy.jpg]
[v1/tour/du-lich-da-lat-3-ngay-2-dem/index.html]
[v1/dat-tour/index5fe4.html]
[v1/tour/du-lich-vung-tau-phan-thiet-mui-ne-5-ngay-4-dem/index.html]
[v1/wp-json/oembed/1.0/embedeec0.json]
[v1/wp-json/oembed/1.0/embedc6b2]
[v1/wp-content/uploads/2019/12/chua-Thien-Mu-1-1.jpg]
[v1/wp-content/uploads/2019/12/chua-Thien-Mu-2-1.jpg]
[v1/wp-content/uploads/2019/12/dai-noi-1-1.jpg]
[v1/wp-content/uploads/2019/12/dai-noi-4-1.jpg]
[v1/tour/du-lich-hue-3-ngay-2-dem/index.html]
[v1/dat-tour/index02c2.html]
[v1/wp-json/oembed/1.0/embed3101.json]
[v1/wp-json/oembed/1.0/embedb2f1]
[v1/wp-content/uploads/2019/12/dong-thien-duong-1-1.jpg]
[v1/wp-content/uploads/2019/12/dong-thien-duong-2.jpg]
[v1/wp-content/uploads/2019/12/dong-thien-duong-3-1.jpg]
[v1/wp-content/uploads/2019/12/phong-nha-1-1.jpg]
[v1/wp-content/uploads/2019/12/phong-nha-3-1.jpg]
[v1/tour/du-lich-quang-binh-4-ngay-3-dem/index.html]
[v1/wp-json/oembed/1.0/embed2637.json]
[v1/dat-tour/index59eb.html]
[v1/tour/du-lich-nha-trang-4-ngay-3-dem/index.html]
[v1/wp-json/oembed/1.0/embedaab8]
[v1/wp-content/uploads/2019/11/phú-yên-1-1.jpg]
[v1/wp-content/uploads/2019/11/quy-nhon-1.jpg]
[v1/tour/du-lich-quy-nhon-phu-yen-4-ngay-3-dem/index.html]
[v1/wp-json/oembed/1.0/embed6070.json]
[v1/dat-tour/index3e43.html]
[v1/wp-json/oembed/1.0/embed91d6]
[v1/wp-content/uploads/2019/11/Nha-Trang-3-1.jpg]
[v1/wp-content/uploads/2019/11/Nha-Trang-2-1.jpg]
[v1/tour/du-lich-nha-trang-da-lat-5-ngay-4-dem/index.html]
[v1/dat-tour/index3de3.html]
[v1/wp-json/oembed/1.0/embed2275.json]
[v1/wp-json/oembed/1.0/embed67d1]
[v1/wp-content/uploads/2019/11/4-dao-nt-3.jpg]
[v1/wp-content/uploads/2019/11/4-dao-nt-2.jpg]
[v1/wp-content/uploads/2019/11/4-dao-nt.jpg]
[v1/tour/tour-bon-dao-nha-trang-2019/index.html]
[v1/wp-json/oembed/1.0/embed7192.json]
[v1/dat-tour/index91dc.html]
[v1/wp-json/oembed/1.0/embed1280]
[v1/wp-content/uploads/2019/10/ba-na-hills-1-Copy-2.jpg]
[v1/wp-content/uploads/2019/10/ba-na-hills-2-Copy.jpg]
[v1/wp-content/uploads/2019/10/Hoian-1.jpg]
[v1/wp-content/uploads/2019/10/chua-Cau-Hoian-300x200.jpg]
[v1/wp-content/uploads/2019/10/Hoian-7-300x200.jpg]
[v1/tour/du-lich-da-nang-hoi-an-3-ngay-2-dem/index.html]
[v1/danh-muc/du-lich-hoi-an/feed/index.html]
[v1/danh-muc/du-lich-mien-nam/page/2/index.html]
[v1/danh-muc/du-lich-mien-nam/feed/index.html]
[v1/dat-tour/index33df.html]
[v1/danh-muc/du-lich-nghe-an/feed/index.html]
[v1/danh-muc/du-lich-ninh-thuan/feed/index.html]
[v1/tour/du-lich-phu-quoc-4-ngay-3-dem/index.html]
[v1/wp-json/oembed/1.0/embedbd99.json]
[v1/wp-json/oembed/1.0/embed510e]
[v1/wp-content/uploads/2019/11/cho-noi-1-Copy-1.jpg]
[v1/tour/du-lich-mien-tay-song-nuoc-5-ngay-4-dem/index.html]
[v1/danh-muc/du-lich-vung-tau/feed/index.html]
[v1/wp-json/oembed/1.0/embed4983.json]
[v1/dat-tour/indexb87a.html]
[v1/wp-json/oembed/1.0/embede762]
[v1/wp-content/uploads/2020/01/bai-sau-vung-tau-1.jpg]
[v1/wp-content/uploads/2020/01/du-lich-vung-tau-di-dau-9.jpg]
[v1/wp-content/uploads/2020/01/Du-lịch-Vũng-Tàu-Khách-Sạn-Ngọc-Hạnh-Vũng-Tàu.jpg]
[v1/wp-content/uploads/2020/01/unnamed-1.jpg]
[v1/wp-content/uploads/2020/01/unnamed.jpg]
[v1/wp-content/uploads/2020/01/vũng-tàu-5.jpg]
[v1/tour/du-lich-vung-tau-3-ngay-2-dem/index.html]
[v1/danh-muc/du-lich-con-dao/feed/index.html]
[v1/danh-muc/du-lich-mien-nam-du-lich-mien-nam/feed/index.html]
[v1/dat-tour/index01de.html]
[v1/danh-muc/du-lich-han-quoc/feed/index.html]
[v1/danh-muc/du-lich-brunei/feed/index.html]
[v1/danh-muc/du-lich-campuchia/feed/index.html]
[v1/danh-muc/du-lich-dai-loan/feed/index.html]
[v1/danh-muc/du-lich-nhat-ban/feed/index.html]
[v1/danh-muc/du-lich-ao/feed/index.html]
[v1/danh-muc/du-lich-phap/feed/index.html]
[v1/danh-muc/du-lich-ha-lan/feed/index.html]
[v1/danh-muc/du-lich-thuy-dien/feed/index.html]
[v1/index3861.html]
[v1/khach-san/page/2/index.html]
[v1/danh-muc/du-lich-my/feed/index.html]
[v1/danh-muc/du-lich-nam-my/feed/index.html]
[v1/danh-muc/du-lich-chau-phi/feed/index.html]
[v1/category/khach-san/feed/index.html]
[v1/wp-json/wp/v2/categories/3.json]
[v1/wp-content/uploads/2019/11/ks-palazzo-200x300.jpg]
[v1/category/khach-san]
[v1/wp-json/wp/v2/posts/479.json]
[v1/khach-san-palazzo-3-da-nang/feed/index.html]
[v1/wp-json/oembed/1.0/embedfcd7.json]
[v1/wp-json/oembed/1.0/embedf8da]
[v1/wp-content/uploads/2019/11/palazo-300x225.jpg]
[v1/wp-content/uploads/2019/11/palazzo-300x200.jpg]
[v1/wp-content/uploads/2019/11/khách-sạn-palazzo-300x200.jpg]
[v1/khach-san-palazzo-3-da-nang/index.html]
[v1/index0133.html]
[v1/index29f2.html]
[v1/wp-json/wp/v2/categories/5]
[v1/wp-json/wp/v2/pages/731.json]
[v1/wp-json/oembed/1.0/embed4a35.json]
[v1/wp-json/oembed/1.0/embeda6a1]
[v1/dat-tour/indexa670.html]
[v1/indexfc88.html]
[v1/dat-tour/indexcf42.html]
[v1/index8b53.html]
[v1/dat-tour/index1d53.html]
[v1/index1723.html]
[v1/dat-tour/indexcf4b.html]
[v1/indexc7a9.html]
[v1/dat-tour/index48e3.html]
[v1/index6635.html]
[v1/dat-tour/index5541.html]
[v1/indexa6f6.html]
[v1/dat-tour/indexf2c7.html]
[v1/indexaae7.html]
[v1/dat-tour/index31cf.html]
[v1/indexb51f.html]
[v1/dat-tour/indexf694.html]
[v1/wp-json/oembed/1.0/embed25ee.json]
[v1/wp-json/oembed/1.0/embed0622]
[v1/wp-content/uploads/2020/02/cát-bà-1.jpg]
[v1/wp-content/uploads/2020/02/cát-bà.jpg]
[v1/tour/du-lich-cat-ba-3-ngay-2-dem/index.html]
[v1/index8f31.html]
[v1/dat-tour/index4e71.html]
[v1/index4413.html]
[v1/dat-tour/indexa6fb.html]
[v1/index214b.html]
[v1/dat-tour/indexeef3.html]
[v1/index3f85.html]
[v1/dat-tour/index7714.html]
[v1/index3f16.html]
[v1/dat-tour/index296e.html]
[v1/indexfdfc.html]
[v1/dat-tour/index3cff.html]
[v1/index5d2a.html]
[v1/dat-tour/index8ae9.html]
[v1/index74ef.html]
[v1/dat-tour/index1935.html]
[v1/indexe6cc.html]
[v1/dat-tour/indexc42f.html]
[v1/indexa7f7.html]
[v1/wp-content/uploads/2020/02/hà-tiên-1.jpg]
[v1/dat-tour/index42ff.html]
[v1/index9d87.html]
[v1/dat-tour/index59e8.html]
[v1/indexffa6.html]
[v1/dat-tour/index6a7a.html]
[v1/index2e64.html]
[v1/dat-tour/indexecf3.html]
[v1/index15f1.html]
[v1/author/admin/index.html]
[v1/index5e02.html]
[v1/index21b4.html]
[v1/wp-content/uploads/2019/12/cầu-vàng-300x180.html]
[v1/index4494.html]
[v1/index4e57.html]
[v1/tour/du-lich-nha-trang-da-lat-5-ngay-4-dem/embed/index.html]
[v1/index16bc.html]
[v1/indexdd54.html]
[v1/index9e8b.html]
[v1/index3662.html]
[v1/index71f3.html]
[v1/indexb09c.html]
[v1/indexc3b2.html]
[v1/index2842.html]
[v1/index744c.html]
[v1/indexb213.html]
[v1/index9f30.html]
[v1/index2b78.html]
[v1/index5df1.html]
[v1/indexbe7c.html]
[v1/index6836.html]
[v1/index2812.html]
[v1/index9d51.html]
[v1/index7458.html]
[v1/indexdd7c.html]
[v1/index9c73.html]
[v1/index9a65.html]
[v1/dat-tour/index8637.html]
[v1/wp-json/oembed/1.0/embed3c90]
[v1/dat-tour/index441c.html]
[v1/dat-tour/index54f9.html]
[v1/dat-tour/indexce0a.html]
[v1/index470a.html]
[v1/dat-tour/indexe9ef.html]
[v1/indexe0b9.html]
[v1/dat-tour/indexef18.html]
[v1/author/admin/feed/index.html]
[v1/wp-json/oembed/1.0/embedc7c8.json]
[v1/wp-json/oembed/1.0/embedd240]
[v1/wp-content/uploads/2020/01/Moc-Chau-3-1.jpg]
[v1/wp-content/uploads/2020/01/Moc-Chau-4-1.jpg]
[v1/wp-content/uploads/2020/01/Moc-Chau-5-1.jpg]
[v1/tour/du-lich-moc-chau-2-ngay-1-dem/index.html]
[v1/indexb63e.html]
[v1/dat-tour/index0254.html]
[v1/indexc5e7.html]
[v1/dat-tour/indexa7ef.html]
[v1/index5a14.html]
[v1/dat-tour/indexe80e.html]
[v1/index6a35.html]
[v1/dat-tour/indexd549.html]
[v1/index0ecd.html]
[v1/dat-tour/index459f.html]
[v1/indexc1f6.html]
[v1/wp-content/uploads/2019/11/pho-co-7-1.jpg]
[v1/dat-tour/indexb265.html]
[v1/index18ee.html]
[v1/dat-tour/index2ea1.html]
[v1/index4fd2.html]
[v1/dat-tour/index2257.html]
[v1/indexc9c1.html]
[v1/dat-tour/index2d74.html]
[v1/wp-content/uploads/2019/11/nb1.jpg]
[v1/dat-tour/indexe888.html]
[v1/indexcaae.html]
[v1/dat-tour/indexbb29.html]
[v1/wp-json/oembed/1.0/embedf634]
[v1/wp-content/uploads/2019/11/Ba-Be-1-Copy-1.jpg]
[v1/wp-content/uploads/2019/11/Ba-Be-3-Copy-1.jpg]
[v1/wp-content/uploads/2019/11/Ba-Be-4-Copy-1.jpg]
[v1/wp-content/uploads/2019/12/Ba-Be-6-Copy.jpg]
[v1/tour/du-lich-ho-ba-be-thac-ban-gioc-3-ngay-2-dem/index.html]
[v1/indexe703.html]
[v1/dat-tour/index1503.html]
[v1/indexba86.html]
[v1/dat-tour/indexd51a.html]
[v1/indexe90e.html]
[v1/dat-tour/index8101.html]
[v1/dat-tour/indexece4.html]
[v1/wp-json/oembed/1.0/embed7c5c.json]
[v1/wp-json/oembed/1.0/embed12e3-2]
[v1/tour/du-lich-mien-trung-da-nang-hoi-an-hue-dong-hoi-4-ngay-3-dem/index.html]
[v1/indexb648.html]
[v1/dat-tour/indexd128.html]
[v1/index8eb0.html]
[v1/wp-content/uploads/2020/01/nhà-thờ-con-ga.jpg]
[v1/dat-tour/index5fe4.html]
[v1/dat-tour/index5399.html]
[v1/wp-json/oembed/1.0/embedc3be.json]
[v1/wp-json/oembed/1.0/embed26b7]
[v1/wp-content/uploads/2019/12/Mui-Ne-1-1.jpg]
[v1/wp-content/uploads/2019/12/Mui-Ne-2-1.jpg]
[v1/wp-content/uploads/2019/12/Mui-Ne-3-1.jpg]
[v1/tour/du-lich-vung-tau-phan-thiet-mui-ne-5-ngay-4-dem/index.html]
[v1/indexf425.html]
[v1/dat-tour/index02c2.html]
[v1/indexfc9a.html]
[v1/dat-tour/index59eb.html]
[v1/dat-tour/indexece1.html]
[v1/wp-json/oembed/1.0/embed7217.json]
[v1/wp-json/oembed/1.0/embedcc2d]
[v1/wp-content/uploads/2019/11/thap-Ba-Ponagar-1-1.jpg]
[v1/tour/du-lich-nha-trang-4-ngay-3-dem/index.html]
[v1/index6ca3.html]
[v1/dat-tour/index3e43.html]
[v1/indexb284.html]
[v1/dat-tour/index3de3.html]
[v1/index1263.html]
[v1/dat-tour/index91dc.html]
[v1/indexc9bf.html]
[v1/wp-content/uploads/2019/10/chua-Cau-Hoian-300x200.html]
[v1/dat-tour/index33df.html]
[v1/wp-content/uploads/2019/10/ba-na-hills-1-Copy-1-300x181.jpg]
[v1/dat-tour/index4ac1.html]
[v1/wp-json/oembed/1.0/embed1ac3.json]
[v1/wp-json/oembed/1.0/embed815f]
[v1/wp-content/uploads/2019/10/Phu-Quoc-1-1.jpg]
[v1/wp-content/uploads/2019/10/Phu-Quoc-4-1.jpg]
[v1/tour/du-lich-phu-quoc-4-ngay-3-dem/index.html]
[v1/indexbdc5.html]
[v1/dat-tour/indexb87a.html]
[v1/index411c.html]
[v1/dat-tour/index01de.html]
[v1/dat-tour/index7fda.html]
[v1/danh-muc/du-lich-madilves/feed/index.html]
[v1/danh-muc/du-lich-singapore/feed/index.html]
[v1/danh-muc/du-lich-anh/feed/index.html]
[v1/index5657.html]
[v1/dat-tour/index.html]
[v1/index78eb.html]
[v1/index994c.html]
[v1/dat-tour/index54f9.html]
[v1/danh-muc/du-lich-czech/feed/index.html]
[v1/indexc30e.html]
[v1/indexf45d.html]
[v1/wp-content/uploads/2020/03/bắc-kinh-3.jpg]
[v1/index71e2.html]
[v1/wp-content/uploads/2020/01/tam-đảo-1.jpg]
[v1/dat-tour/index2d74.html]
[v1/dat-tour0999]
[v1/danh-muc/du-lich-scotland/feed/index.html]
[v1/index1b7d.html]
[v1/index87e8.html]
[v1/wp-content/uploads/2019/11/nb-1.jpg]
[v1/wp-json/oembed/1.0/embedb2cb]
[v1/danh-muc/du-lich-cuba/feed/index.html]
[v1/wp-content/uploads/2019/11/Ba-Be-2-Copy.jpg]
[v1/dat-tour/indexece4.html]
[v1/indexd0ff.html]
[v1/dat-tour/index5399.html]
[v1/index8631.html]
[v1/dat-tour/index0999.html]
[v1/dat-tour/indexece1.html]
[v1/index1dc8.html]
[v1/dat-tour/index4ac1.html]
[v1/indexc3ba.html]
[v1/wp-content/uploads/2019/12/Mui-Ne-6-1.jpg]
[v1/wp-content/uploads/2019/10/Phu-Quoc-7.jpg]
[v1/dat-tour/index7fda.html]
[v1/danh-muc/du-lich-hy-lap/feed/index.html]
[v1/danh-muc/du-lich-phan-lan/feed/index.html]
[v1/danh-muc/du-lich-ai-cap/feed/index.html]
[v1/wp-json/wp/v2/users/1]
[tech360.vn/wp-content/uploads/2018/06/top-7-cung-duong-phuot-dang-kham-pha-nhat-nam-2018.jpg]
[v1/dat-tour/index0999.html]
[v1/wp-json/oembed/1.0/embed6d2e]
[v1/wp-content/uploads/2020/02/den-long-Hoian-1.jpg]
